// Jest Snapshot v1, https://goo.gl/fbAQLP

exports[`AlertDialog should render correctly 1`] = `
.emotion-0 {
  box-sizing: border-box;
  margin: 0;
  min-width: 0;
  font-size: 16px;
}

@media screen and (min-width: 40em) {
  .emotion-0 {
    font-size: 20px;
  }
}

.emotion-1 {
  box-sizing: border-box;
  margin: 0;
  min-width: 0;
  height: 100vh;
  min-height: 600px;
  -webkit-transform: scale(1);
  -moz-transform: scale(1);
  -ms-transform: scale(1);
  transform: scale(1);
}

<div>
  <div
    class="emotion-0"
  >
    <div
      class="emotion-1"
    />
  </div>
</div>
`;
