// Jest Snapshot v1, https://goo.gl/fbAQLP

exports[`Spacer should render correctly 1`] = `
.emotion-0 {
  box-sizing: border-box;
  margin: 0;
  min-width: 0;
  font-size: 16px;
}

@media screen and (min-width: 40em) {
  .emotion-0 {
    font-size: 20px;
  }
}

.emotion-1 {
  box-sizing: border-box;
  margin: 0;
  min-width: 0;
  -webkit-flex: 1;
  -ms-flex: 1;
  flex: 1;
  pointer-events: none;
}

<div>
  <div
    class="emotion-0"
  >
    <div
      class="emotion-1"
    />
  </div>
</div>
`;
